07:53:34 **** Incremental Build of configuration Debug for project Task_5 ****
make -j12 all 
arm-none-eabi-gcc "../Src/main.c" -mcpu=cortex-m4 -std=gnu11 -g3 -DDEBUG -DSTM32 -DSTM32F407G_DISC1 -DSTM32F4 -DSTM32F407VGTx -c -I../Inc -O0 -ffunction-sections -fdata-sections -Wall -fstack-usage -fcyclomatic-complexity -MMD -MP -MF"Src/main.d" -MT"Src/main.o" --specs=nano.specs -mfpu=fpv4-sp-d16 -mfloat-abi=soft -mthumb -o "Src/main.o"
arm-none-eabi-gcc -o "Task_5.elf" @"objects.list"   -mcpu=cortex-m4 -T"C:\Users\DELL G15 RYZEN\Desktop\SUNBEAM_PRO\94260_Shreya\Assignment_Day_3\Task_5\STM32F407VGTX_FLASH.ld" --specs=nosys.specs -Wl,-Map="Task_5.map" -Wl,--gc-sections -static --specs=nano.specs -mfpu=fpv4-sp-d16 -mfloat-abi=soft -mthumb -Wl,--start-group -lc -lm -Wl,--end-group
Finished building target: Task_5.elf
 
arm-none-eabi-size  Task_5.elf 
arm-none-eabi-objdump -h -S Task_5.elf  > "Task_5.list"
   text	   data	    bss	    dec	    hex	filename
   1044	      4	   1564	   2612	    a34	Task_5.elf
Finished building: default.size.stdout
 
Finished building: Task_5.list
 

07:53:36 Build Finished. 0 errors, 0 warnings. (took 1s.794ms)

